[2024-09-16T13:53:00.743-0400][gc,init] CardTable entry size: 512
[2024-09-16T13:53:00.744-0400][gc     ] Using G1
[2024-09-16T13:53:00.751-0400][gc,init] Version: 18+36-2087 (release)
[2024-09-16T13:53:00.751-0400][gc,init] CPUs: 4 total, 4 available
[2024-09-16T13:53:00.751-0400][gc,init] Memory: 8192M
[2024-09-16T13:53:00.751-0400][gc,init] Large Page Support: Disabled
[2024-09-16T13:53:00.751-0400][gc,init] NUMA Support: Disabled
[2024-09-16T13:53:00.751-0400][gc,init] Compressed Oops: Enabled (Zero based)
[2024-09-16T13:53:00.751-0400][gc,init] Heap Region Size: 1M
[2024-09-16T13:53:00.751-0400][gc,init] Heap Min Capacity: 1G
[2024-09-16T13:53:00.751-0400][gc,init] Heap Initial Capacity: 1G
[2024-09-16T13:53:00.751-0400][gc,init] Heap Max Capacity: 1G
[2024-09-16T13:53:00.751-0400][gc,init] Pre-touch: Disabled
[2024-09-16T13:53:00.751-0400][gc,init] Parallel Workers: 4
[2024-09-16T13:53:00.752-0400][gc,init] Concurrent Workers: 1
[2024-09-16T13:53:00.752-0400][gc,init] Concurrent Refinement Workers: 4
[2024-09-16T13:53:00.752-0400][gc,init] Periodic GC: Disabled
[2024-09-16T13:53:00.752-0400][gc,metaspace] CDS archive(s) mapped at: [0x0000000800000000-0x0000000800ba8000-0x0000000800ba8000), size 12222464, SharedBaseAddress: 0x0000000800000000, ArchiveRelocationMode: 0.
[2024-09-16T13:53:00.752-0400][gc,metaspace] Compressed class space mapped at: 0x0000000800c00000-0x0000000840c00000, reserved size: 1073741824
[2024-09-16T13:53:00.752-0400][gc,metaspace] Narrow klass base: 0x0000000800000000, Narrow klass shift: 0, Narrow klass range: 0x100000000
[2024-09-16T13:53:03.916-0400][gc,start    ] GC(0) Pause Young (Normal) (G1 Evacuation Pause)
[2024-09-16T13:53:03.917-0400][gc,task     ] GC(0) Using 4 workers of 4 for evacuation
[2024-09-16T13:53:03.929-0400][gc,phases   ] GC(0)   Pre Evacuate Collection Set: 0.1ms
[2024-09-16T13:53:03.929-0400][gc,phases   ] GC(0)   Merge Heap Roots: 0.2ms
[2024-09-16T13:53:03.929-0400][gc,phases   ] GC(0)   Evacuate Collection Set: 9.7ms
[2024-09-16T13:53:03.929-0400][gc,phases   ] GC(0)   Post Evacuate Collection Set: 1.4ms
[2024-09-16T13:53:03.929-0400][gc,phases   ] GC(0)   Other: 0.4ms
[2024-09-16T13:53:03.929-0400][gc,heap     ] GC(0) Eden regions: 51->0(44)
[2024-09-16T13:53:03.929-0400][gc,heap     ] GC(0) Survivor regions: 0->7(7)
[2024-09-16T13:53:03.929-0400][gc,heap     ] GC(0) Old regions: 0->2
[2024-09-16T13:53:03.929-0400][gc,heap     ] GC(0) Archive regions: 2->2
[2024-09-16T13:53:03.929-0400][gc,heap     ] GC(0) Humongous regions: 0->0
[2024-09-16T13:53:03.929-0400][gc,metaspace] GC(0) Metaspace: 17470K(17728K)->17470K(17728K) NonClass: 15542K(15680K)->15542K(15680K) Class: 1928K(2048K)->1928K(2048K)
[2024-09-16T13:53:03.929-0400][gc          ] GC(0) Pause Young (Normal) (G1 Evacuation Pause) 51M->9M(1024M) 12.495ms
[2024-09-16T13:53:03.929-0400][gc,cpu      ] GC(0) User=0.02s Sys=0.01s Real=0.01s
[2024-09-16T13:53:04.427-0400][gc,start    ] GC(1) Pause Young (Concurrent Start) (Metadata GC Threshold)
[2024-09-16T13:53:04.427-0400][gc,task     ] GC(1) Using 4 workers of 4 for evacuation
[2024-09-16T13:53:04.438-0400][gc,phases   ] GC(1)   Pre Evacuate Collection Set: 0.2ms
[2024-09-16T13:53:04.438-0400][gc,phases   ] GC(1)   Merge Heap Roots: 0.0ms
[2024-09-16T13:53:04.438-0400][gc,phases   ] GC(1)   Evacuate Collection Set: 9.7ms
[2024-09-16T13:53:04.438-0400][gc,phases   ] GC(1)   Post Evacuate Collection Set: 0.9ms
[2024-09-16T13:53:04.438-0400][gc,phases   ] GC(1)   Other: 0.1ms
[2024-09-16T13:53:04.438-0400][gc,heap     ] GC(1) Eden regions: 17->0(49)
[2024-09-16T13:53:04.439-0400][gc,heap     ] GC(1) Survivor regions: 7->2(7)
[2024-09-16T13:53:04.439-0400][gc,heap     ] GC(1) Old regions: 2->9
[2024-09-16T13:53:04.439-0400][gc,heap     ] GC(1) Archive regions: 2->2
[2024-09-16T13:53:04.439-0400][gc,heap     ] GC(1) Humongous regions: 0->0
[2024-09-16T13:53:04.439-0400][gc,metaspace] GC(1) Metaspace: 21301K(21504K)->21301K(21504K) NonClass: 18940K(19008K)->18940K(19008K) Class: 2361K(2496K)->2361K(2496K)
[2024-09-16T13:53:04.439-0400][gc          ] GC(1) Pause Young (Concurrent Start) (Metadata GC Threshold) 26M->11M(1024M) 11.343ms
[2024-09-16T13:53:04.439-0400][gc,cpu      ] GC(1) User=0.03s Sys=0.01s Real=0.01s
[2024-09-16T13:53:04.440-0400][gc          ] GC(2) Concurrent Mark Cycle
[2024-09-16T13:53:04.440-0400][gc,marking  ] GC(2) Concurrent Clear Claimed Marks
[2024-09-16T13:53:04.440-0400][gc,marking  ] GC(2) Concurrent Clear Claimed Marks 0.035ms
[2024-09-16T13:53:04.440-0400][gc,marking  ] GC(2) Concurrent Scan Root Regions
[2024-09-16T13:53:04.447-0400][gc,marking  ] GC(2) Concurrent Scan Root Regions 6.732ms
[2024-09-16T13:53:04.447-0400][gc,marking  ] GC(2) Concurrent Mark
[2024-09-16T13:53:04.447-0400][gc,marking  ] GC(2) Concurrent Mark From Roots
[2024-09-16T13:53:04.447-0400][gc,task     ] GC(2) Using 1 workers of 1 for marking
[2024-09-16T13:53:04.481-0400][gc,marking  ] GC(2) Concurrent Mark From Roots 33.908ms
[2024-09-16T13:53:04.481-0400][gc,marking  ] GC(2) Concurrent Preclean
[2024-09-16T13:53:04.481-0400][gc,marking  ] GC(2) Concurrent Preclean 0.127ms
[2024-09-16T13:53:04.481-0400][gc,start    ] GC(2) Pause Remark
[2024-09-16T13:53:04.483-0400][gc          ] GC(2) Pause Remark 12M->12M(1024M) 1.915ms
[2024-09-16T13:53:04.483-0400][gc,cpu      ] GC(2) User=0.01s Sys=0.00s Real=0.00s
[2024-09-16T13:53:04.483-0400][gc,marking  ] GC(2) Concurrent Mark 36.509ms
[2024-09-16T13:53:04.483-0400][gc,marking  ] GC(2) Concurrent Rebuild Remembered Sets
[2024-09-16T13:53:04.489-0400][gc,marking  ] GC(2) Concurrent Rebuild Remembered Sets 5.712ms
[2024-09-16T13:53:04.489-0400][gc,start    ] GC(2) Pause Cleanup
[2024-09-16T13:53:04.489-0400][gc          ] GC(2) Pause Cleanup 12M->12M(1024M) 0.133ms
[2024-09-16T13:53:04.489-0400][gc,cpu      ] GC(2) User=0.00s Sys=0.00s Real=0.00s
[2024-09-16T13:53:04.489-0400][gc,marking  ] GC(2) Concurrent Cleanup for Next Mark
[2024-09-16T13:53:04.505-0400][gc,marking  ] GC(2) Concurrent Cleanup for Next Mark 15.211ms
[2024-09-16T13:53:04.505-0400][gc          ] GC(2) Concurrent Mark Cycle 64.900ms
[2024-09-16T13:53:05.768-0400][gc,start    ] GC(3) Pause Young (Normal) (G1 Evacuation Pause)
[2024-09-16T13:53:05.768-0400][gc,task     ] GC(3) Using 4 workers of 4 for evacuation
[2024-09-16T13:53:05.774-0400][gc,phases   ] GC(3)   Pre Evacuate Collection Set: 0.1ms
[2024-09-16T13:53:05.774-0400][gc,phases   ] GC(3)   Merge Heap Roots: 0.1ms
[2024-09-16T13:53:05.774-0400][gc,phases   ] GC(3)   Evacuate Collection Set: 5.1ms
[2024-09-16T13:53:05.774-0400][gc,phases   ] GC(3)   Post Evacuate Collection Set: 0.6ms
[2024-09-16T13:53:05.774-0400][gc,phases   ] GC(3)   Other: 0.1ms
[2024-09-16T13:53:05.774-0400][gc,heap     ] GC(3) Eden regions: 49->0(47)
[2024-09-16T13:53:05.774-0400][gc,heap     ] GC(3) Survivor regions: 2->4(7)
[2024-09-16T13:53:05.774-0400][gc,heap     ] GC(3) Old regions: 9->9
[2024-09-16T13:53:05.774-0400][gc,heap     ] GC(3) Archive regions: 2->2
[2024-09-16T13:53:05.774-0400][gc,heap     ] GC(3) Humongous regions: 9->9
[2024-09-16T13:53:05.774-0400][gc,metaspace] GC(3) Metaspace: 32524K(32832K)->32524K(32832K) NonClass: 28905K(29056K)->28905K(29056K) Class: 3618K(3776K)->3618K(3776K)
[2024-09-16T13:53:05.774-0400][gc          ] GC(3) Pause Young (Normal) (G1 Evacuation Pause) 69M->22M(1024M) 6.511ms
[2024-09-16T13:53:05.774-0400][gc,cpu      ] GC(3) User=0.02s Sys=0.00s Real=0.01s
[2024-09-16T13:53:06.147-0400][gc,start    ] GC(4) Pause Young (Concurrent Start) (Metadata GC Threshold)
[2024-09-16T13:53:06.147-0400][gc,task     ] GC(4) Using 4 workers of 4 for evacuation
[2024-09-16T13:53:06.158-0400][gc,phases   ] GC(4)   Pre Evacuate Collection Set: 0.3ms
[2024-09-16T13:53:06.158-0400][gc,phases   ] GC(4)   Merge Heap Roots: 0.1ms
[2024-09-16T13:53:06.158-0400][gc,phases   ] GC(4)   Evacuate Collection Set: 9.2ms
[2024-09-16T13:53:06.158-0400][gc,phases   ] GC(4)   Post Evacuate Collection Set: 0.5ms
[2024-09-16T13:53:06.158-0400][gc,phases   ] GC(4)   Other: 0.1ms
[2024-09-16T13:53:06.158-0400][gc,heap     ] GC(4) Eden regions: 22->0(45)
[2024-09-16T13:53:06.158-0400][gc,heap     ] GC(4) Survivor regions: 4->6(7)
[2024-09-16T13:53:06.158-0400][gc,heap     ] GC(4) Old regions: 9->11
[2024-09-16T13:53:06.158-0400][gc,heap     ] GC(4) Archive regions: 2->2
[2024-09-16T13:53:06.158-0400][gc,heap     ] GC(4) Humongous regions: 9->9
[2024-09-16T13:53:06.158-0400][gc,metaspace] GC(4) Metaspace: 35975K(36352K)->35975K(36352K) NonClass: 32027K(32256K)->32027K(32256K) Class: 3947K(4096K)->3947K(4096K)
[2024-09-16T13:53:06.158-0400][gc          ] GC(4) Pause Young (Concurrent Start) (Metadata GC Threshold) 44M->25M(1024M) 10.628ms
[2024-09-16T13:53:06.158-0400][gc          ] GC(5) Concurrent Mark Cycle
[2024-09-16T13:53:06.158-0400][gc,cpu      ] GC(4) User=0.03s Sys=0.00s Real=0.01s
[2024-09-16T13:53:06.158-0400][gc,marking  ] GC(5) Concurrent Clear Claimed Marks
[2024-09-16T13:53:06.158-0400][gc,marking  ] GC(5) Concurrent Clear Claimed Marks 0.067ms
[2024-09-16T13:53:06.158-0400][gc,marking  ] GC(5) Concurrent Scan Root Regions
[2024-09-16T13:53:06.170-0400][gc,marking  ] GC(5) Concurrent Scan Root Regions 11.877ms
[2024-09-16T13:53:06.170-0400][gc,marking  ] GC(5) Concurrent Mark
[2024-09-16T13:53:06.170-0400][gc,marking  ] GC(5) Concurrent Mark From Roots
[2024-09-16T13:53:06.170-0400][gc,task     ] GC(5) Using 1 workers of 1 for marking
[2024-09-16T13:53:06.187-0400][gc,marking  ] GC(5) Concurrent Mark From Roots 16.673ms
[2024-09-16T13:53:06.187-0400][gc,marking  ] GC(5) Concurrent Preclean
[2024-09-16T13:53:06.187-0400][gc,marking  ] GC(5) Concurrent Preclean 0.074ms
[2024-09-16T13:53:06.189-0400][gc,start    ] GC(5) Pause Remark
[2024-09-16T13:53:06.192-0400][gc          ] GC(5) Pause Remark 27M->27M(1024M) 3.496ms
[2024-09-16T13:53:06.192-0400][gc,cpu      ] GC(5) User=0.00s Sys=0.00s Real=0.01s
[2024-09-16T13:53:06.195-0400][gc,marking  ] GC(5) Concurrent Mark 24.549ms
[2024-09-16T13:53:06.195-0400][gc,marking  ] GC(5) Concurrent Rebuild Remembered Sets
[2024-09-16T13:53:06.206-0400][gc,marking  ] GC(5) Concurrent Rebuild Remembered Sets 10.846ms
[2024-09-16T13:53:06.206-0400][gc,start    ] GC(5) Pause Cleanup
[2024-09-16T13:53:06.206-0400][gc          ] GC(5) Pause Cleanup 27M->27M(1024M) 0.151ms
[2024-09-16T13:53:06.206-0400][gc,cpu      ] GC(5) User=0.00s Sys=0.00s Real=0.00s
[2024-09-16T13:53:06.206-0400][gc,marking  ] GC(5) Concurrent Cleanup for Next Mark
[2024-09-16T13:53:06.218-0400][gc,marking  ] GC(5) Concurrent Cleanup for Next Mark 12.143ms
[2024-09-16T13:53:06.218-0400][gc          ] GC(5) Concurrent Mark Cycle 60.171ms
[2024-09-16T13:54:31.064-0400][gc,start    ] GC(6) Pause Young (Normal) (G1 Evacuation Pause)
[2024-09-16T13:54:31.066-0400][gc,task     ] GC(6) Using 4 workers of 4 for evacuation
[2024-09-16T13:54:31.087-0400][gc,mmu      ] GC(6) MMU target violated: 20.9ms (20.0ms/21.0ms)
[2024-09-16T13:54:31.087-0400][gc,phases   ] GC(6)   Pre Evacuate Collection Set: 0.1ms
[2024-09-16T13:54:31.087-0400][gc,phases   ] GC(6)   Merge Heap Roots: 0.2ms
[2024-09-16T13:54:31.087-0400][gc,phases   ] GC(6)   Evacuate Collection Set: 19.6ms
[2024-09-16T13:54:31.087-0400][gc,phases   ] GC(6)   Post Evacuate Collection Set: 0.9ms
[2024-09-16T13:54:31.087-0400][gc,phases   ] GC(6)   Other: 0.3ms
[2024-09-16T13:54:31.087-0400][gc,heap     ] GC(6) Eden regions: 45->0(45)
[2024-09-16T13:54:31.087-0400][gc,heap     ] GC(6) Survivor regions: 6->6(7)
[2024-09-16T13:54:31.087-0400][gc,heap     ] GC(6) Old regions: 11->13
[2024-09-16T13:54:31.087-0400][gc,heap     ] GC(6) Archive regions: 2->2
[2024-09-16T13:54:31.087-0400][gc,heap     ] GC(6) Humongous regions: 144->138
[2024-09-16T13:54:31.087-0400][gc,metaspace] GC(6) Metaspace: 40077K(40576K)->40077K(40576K) NonClass: 35544K(35840K)->35544K(35840K) Class: 4533K(4736K)->4533K(4736K)
[2024-09-16T13:54:31.087-0400][gc          ] GC(6) Pause Young (Normal) (G1 Evacuation Pause) 205M->157M(1024M) 23.104ms
[2024-09-16T13:54:31.087-0400][gc,cpu      ] GC(6) User=0.03s Sys=0.02s Real=0.02s
[2024-09-16T13:59:33.068-0400][gc,start    ] GC(7) Pause Young (Normal) (G1 Evacuation Pause)
[2024-09-16T13:59:33.069-0400][gc,task     ] GC(7) Using 4 workers of 4 for evacuation
[2024-09-16T13:59:33.112-0400][gc,mmu      ] GC(7) MMU target violated: 21.0ms (20.0ms/21.0ms)
[2024-09-16T13:59:33.112-0400][gc,phases   ] GC(7)   Pre Evacuate Collection Set: 1.8ms
[2024-09-16T13:59:33.112-0400][gc,phases   ] GC(7)   Merge Heap Roots: 0.2ms
[2024-09-16T13:59:33.112-0400][gc,phases   ] GC(7)   Evacuate Collection Set: 39.5ms
[2024-09-16T13:59:33.112-0400][gc,phases   ] GC(7)   Post Evacuate Collection Set: 1.2ms
[2024-09-16T13:59:33.112-0400][gc,phases   ] GC(7)   Other: 0.3ms
[2024-09-16T13:59:33.112-0400][gc,heap     ] GC(7) Eden regions: 45->0(46)
[2024-09-16T13:59:33.112-0400][gc,heap     ] GC(7) Survivor regions: 6->5(7)
[2024-09-16T13:59:33.112-0400][gc,heap     ] GC(7) Old regions: 13->16
[2024-09-16T13:59:33.112-0400][gc,heap     ] GC(7) Archive regions: 2->2
[2024-09-16T13:59:33.112-0400][gc,heap     ] GC(7) Humongous regions: 138->138
[2024-09-16T13:59:33.112-0400][gc,metaspace] GC(7) Metaspace: 42619K(43200K)->42619K(43200K) NonClass: 37795K(38080K)->37795K(38080K) Class: 4824K(5120K)->4824K(5120K)
[2024-09-16T13:59:33.112-0400][gc          ] GC(7) Pause Young (Normal) (G1 Evacuation Pause) 202M->159M(1024M) 43.619ms
[2024-09-16T13:59:33.112-0400][gc,cpu      ] GC(7) User=0.04s Sys=0.07s Real=0.05s
[2024-09-16T14:01:42.020-0400][gc,heap,exit] Heap
[2024-09-16T14:01:42.021-0400][gc,heap,exit]  garbage-first heap   total 1048576K, used 197248K [0x00000007c0000000, 0x0000000800000000)
[2024-09-16T14:01:42.021-0400][gc,heap,exit]   region size 1024K, 39 young (39936K), 5 survivors (5120K)
[2024-09-16T14:01:42.021-0400][gc,heap,exit]  Metaspace       used 43694K, committed 44288K, reserved 1114112K
[2024-09-16T14:01:42.021-0400][gc,heap,exit]   class space    used 5025K, committed 5312K, reserved 1048576K
