[2024-09-17T09:35:19.759-0400][gc,init] CardTable entry size: 512
[2024-09-17T09:35:19.760-0400][gc     ] Using G1
[2024-09-17T09:35:19.769-0400][gc,init] Version: 18+36-2087 (release)
[2024-09-17T09:35:19.770-0400][gc,init] CPUs: 4 total, 4 available
[2024-09-17T09:35:19.770-0400][gc,init] Memory: 8192M
[2024-09-17T09:35:19.770-0400][gc,init] Large Page Support: Disabled
[2024-09-17T09:35:19.770-0400][gc,init] NUMA Support: Disabled
[2024-09-17T09:35:19.770-0400][gc,init] Compressed Oops: Enabled (Zero based)
[2024-09-17T09:35:19.770-0400][gc,init] Heap Region Size: 1M
[2024-09-17T09:35:19.770-0400][gc,init] Heap Min Capacity: 1G
[2024-09-17T09:35:19.770-0400][gc,init] Heap Initial Capacity: 1G
[2024-09-17T09:35:19.770-0400][gc,init] Heap Max Capacity: 1G
[2024-09-17T09:35:19.770-0400][gc,init] Pre-touch: Disabled
[2024-09-17T09:35:19.770-0400][gc,init] Parallel Workers: 4
[2024-09-17T09:35:19.770-0400][gc,init] Concurrent Workers: 1
[2024-09-17T09:35:19.770-0400][gc,init] Concurrent Refinement Workers: 4
[2024-09-17T09:35:19.770-0400][gc,init] Periodic GC: Disabled
[2024-09-17T09:35:19.771-0400][gc,metaspace] CDS archive(s) mapped at: [0x0000000800000000-0x0000000800ba8000-0x0000000800ba8000), size 12222464, SharedBaseAddress: 0x0000000800000000, ArchiveRelocationMode: 0.
[2024-09-17T09:35:19.771-0400][gc,metaspace] Compressed class space mapped at: 0x0000000800c00000-0x0000000840c00000, reserved size: 1073741824
[2024-09-17T09:35:19.771-0400][gc,metaspace] Narrow klass base: 0x0000000800000000, Narrow klass shift: 0, Narrow klass range: 0x100000000
[2024-09-17T09:35:23.222-0400][gc,start    ] GC(0) Pause Young (Normal) (G1 Evacuation Pause)
[2024-09-17T09:35:23.223-0400][gc,task     ] GC(0) Using 4 workers of 4 for evacuation
[2024-09-17T09:35:23.244-0400][gc,phases   ] GC(0)   Pre Evacuate Collection Set: 0.1ms
[2024-09-17T09:35:23.244-0400][gc,phases   ] GC(0)   Merge Heap Roots: 0.1ms
[2024-09-17T09:35:23.244-0400][gc,phases   ] GC(0)   Evacuate Collection Set: 10.1ms
[2024-09-17T09:35:23.244-0400][gc,phases   ] GC(0)   Post Evacuate Collection Set: 4.9ms
[2024-09-17T09:35:23.244-0400][gc,phases   ] GC(0)   Other: 0.8ms
[2024-09-17T09:35:23.244-0400][gc,heap     ] GC(0) Eden regions: 51->0(44)
[2024-09-17T09:35:23.244-0400][gc,heap     ] GC(0) Survivor regions: 0->7(7)
[2024-09-17T09:35:23.244-0400][gc,heap     ] GC(0) Old regions: 0->2
[2024-09-17T09:35:23.245-0400][gc,heap     ] GC(0) Archive regions: 2->2
[2024-09-17T09:35:23.245-0400][gc,heap     ] GC(0) Humongous regions: 0->0
[2024-09-17T09:35:23.245-0400][gc,metaspace] GC(0) Metaspace: 17686K(17920K)->17686K(17920K) NonClass: 15745K(15872K)->15745K(15872K) Class: 1941K(2048K)->1941K(2048K)
[2024-09-17T09:35:23.245-0400][gc          ] GC(0) Pause Young (Normal) (G1 Evacuation Pause) 51M->9M(1024M) 22.784ms
[2024-09-17T09:35:23.245-0400][gc,cpu      ] GC(0) User=0.02s Sys=0.01s Real=0.02s
[2024-09-17T09:35:23.741-0400][gc,start    ] GC(1) Pause Young (Concurrent Start) (Metadata GC Threshold)
[2024-09-17T09:35:23.741-0400][gc,task     ] GC(1) Using 4 workers of 4 for evacuation
[2024-09-17T09:35:23.767-0400][gc,mmu      ] GC(1) MMU target violated: 21.0ms (20.0ms/21.0ms)
[2024-09-17T09:35:23.768-0400][gc,phases   ] GC(1)   Pre Evacuate Collection Set: 0.2ms
[2024-09-17T09:35:23.768-0400][gc,phases   ] GC(1)   Merge Heap Roots: 0.1ms
[2024-09-17T09:35:23.768-0400][gc,phases   ] GC(1)   Evacuate Collection Set: 20.9ms
[2024-09-17T09:35:23.768-0400][gc,phases   ] GC(1)   Post Evacuate Collection Set: 4.9ms
[2024-09-17T09:35:23.768-0400][gc,phases   ] GC(1)   Other: 0.4ms
[2024-09-17T09:35:23.768-0400][gc,heap     ] GC(1) Eden regions: 17->0(49)
[2024-09-17T09:35:23.768-0400][gc,heap     ] GC(1) Survivor regions: 7->2(7)
[2024-09-17T09:35:23.768-0400][gc,heap     ] GC(1) Old regions: 2->9
[2024-09-17T09:35:23.769-0400][gc,heap     ] GC(1) Archive regions: 2->2
[2024-09-17T09:35:23.769-0400][gc,heap     ] GC(1) Humongous regions: 0->0
[2024-09-17T09:35:23.769-0400][gc,metaspace] GC(1) Metaspace: 21299K(21504K)->21299K(21504K) NonClass: 18941K(19008K)->18941K(19008K) Class: 2358K(2496K)->2358K(2496K)
[2024-09-17T09:35:23.769-0400][gc          ] GC(1) Pause Young (Concurrent Start) (Metadata GC Threshold) 25M->11M(1024M) 27.968ms
[2024-09-17T09:35:23.769-0400][gc,cpu      ] GC(1) User=0.03s Sys=0.01s Real=0.02s
[2024-09-17T09:35:23.769-0400][gc          ] GC(2) Concurrent Mark Cycle
[2024-09-17T09:35:23.769-0400][gc,marking  ] GC(2) Concurrent Clear Claimed Marks
[2024-09-17T09:35:23.769-0400][gc,marking  ] GC(2) Concurrent Clear Claimed Marks 0.026ms
[2024-09-17T09:35:23.769-0400][gc,marking  ] GC(2) Concurrent Scan Root Regions
[2024-09-17T09:35:23.776-0400][gc,marking  ] GC(2) Concurrent Scan Root Regions 7.091ms
[2024-09-17T09:35:23.776-0400][gc,marking  ] GC(2) Concurrent Mark
[2024-09-17T09:35:23.777-0400][gc,marking  ] GC(2) Concurrent Mark From Roots
[2024-09-17T09:35:23.777-0400][gc,task     ] GC(2) Using 1 workers of 1 for marking
[2024-09-17T09:35:23.857-0400][gc,marking  ] GC(2) Concurrent Mark From Roots 80.208ms
[2024-09-17T09:35:23.857-0400][gc,marking  ] GC(2) Concurrent Preclean
[2024-09-17T09:35:23.857-0400][gc,marking  ] GC(2) Concurrent Preclean 0.035ms
[2024-09-17T09:35:23.857-0400][gc,start    ] GC(2) Pause Remark
[2024-09-17T09:35:23.859-0400][gc          ] GC(2) Pause Remark 13M->13M(1024M) 2.080ms
[2024-09-17T09:35:23.859-0400][gc,cpu      ] GC(2) User=0.00s Sys=0.00s Real=0.00s
[2024-09-17T09:35:23.859-0400][gc,marking  ] GC(2) Concurrent Mark 82.603ms
[2024-09-17T09:35:23.859-0400][gc,marking  ] GC(2) Concurrent Rebuild Remembered Sets
[2024-09-17T09:35:23.868-0400][gc,marking  ] GC(2) Concurrent Rebuild Remembered Sets 8.997ms
[2024-09-17T09:35:23.871-0400][gc,start    ] GC(2) Pause Cleanup
[2024-09-17T09:35:23.874-0400][gc          ] GC(2) Pause Cleanup 13M->13M(1024M) 2.251ms
[2024-09-17T09:35:23.874-0400][gc,cpu      ] GC(2) User=0.00s Sys=0.00s Real=0.00s
[2024-09-17T09:35:23.875-0400][gc,marking  ] GC(2) Concurrent Cleanup for Next Mark
[2024-09-17T09:35:23.903-0400][gc,marking  ] GC(2) Concurrent Cleanup for Next Mark 27.506ms
[2024-09-17T09:35:23.907-0400][gc          ] GC(2) Concurrent Mark Cycle 137.765ms
[2024-09-17T09:35:25.778-0400][gc,start    ] GC(3) Pause Young (Normal) (G1 Evacuation Pause)
[2024-09-17T09:35:25.778-0400][gc,task     ] GC(3) Using 4 workers of 4 for evacuation
[2024-09-17T09:35:25.785-0400][gc,phases   ] GC(3)   Pre Evacuate Collection Set: 0.1ms
[2024-09-17T09:35:25.785-0400][gc,phases   ] GC(3)   Merge Heap Roots: 0.0ms
[2024-09-17T09:35:25.785-0400][gc,phases   ] GC(3)   Evacuate Collection Set: 6.4ms
[2024-09-17T09:35:25.785-0400][gc,phases   ] GC(3)   Post Evacuate Collection Set: 0.5ms
[2024-09-17T09:35:25.785-0400][gc,phases   ] GC(3)   Other: 0.1ms
[2024-09-17T09:35:25.785-0400][gc,heap     ] GC(3) Eden regions: 49->0(47)
[2024-09-17T09:35:25.785-0400][gc,heap     ] GC(3) Survivor regions: 2->4(7)
[2024-09-17T09:35:25.785-0400][gc,heap     ] GC(3) Old regions: 9->9
[2024-09-17T09:35:25.785-0400][gc,heap     ] GC(3) Archive regions: 2->2
[2024-09-17T09:35:25.785-0400][gc,heap     ] GC(3) Humongous regions: 9->9
[2024-09-17T09:35:25.785-0400][gc,metaspace] GC(3) Metaspace: 31686K(32000K)->31686K(32000K) NonClass: 28166K(28352K)->28166K(28352K) Class: 3519K(3648K)->3519K(3648K)
[2024-09-17T09:35:25.785-0400][gc          ] GC(3) Pause Young (Normal) (G1 Evacuation Pause) 69M->22M(1024M) 7.460ms
[2024-09-17T09:35:25.785-0400][gc,cpu      ] GC(3) User=0.02s Sys=0.00s Real=0.01s
[2024-09-17T09:35:26.475-0400][gc,start    ] GC(4) Pause Young (Concurrent Start) (Metadata GC Threshold)
[2024-09-17T09:35:26.475-0400][gc,task     ] GC(4) Using 4 workers of 4 for evacuation
[2024-09-17T09:35:26.486-0400][gc,phases   ] GC(4)   Pre Evacuate Collection Set: 0.1ms
[2024-09-17T09:35:26.486-0400][gc,phases   ] GC(4)   Merge Heap Roots: 0.0ms
[2024-09-17T09:35:26.486-0400][gc,phases   ] GC(4)   Evacuate Collection Set: 10.1ms
[2024-09-17T09:35:26.486-0400][gc,phases   ] GC(4)   Post Evacuate Collection Set: 0.5ms
[2024-09-17T09:35:26.486-0400][gc,phases   ] GC(4)   Other: 0.1ms
[2024-09-17T09:35:26.486-0400][gc,heap     ] GC(4) Eden regions: 29->0(45)
[2024-09-17T09:35:26.486-0400][gc,heap     ] GC(4) Survivor regions: 4->6(7)
[2024-09-17T09:35:26.486-0400][gc,heap     ] GC(4) Old regions: 9->11
[2024-09-17T09:35:26.486-0400][gc,heap     ] GC(4) Archive regions: 2->2
[2024-09-17T09:35:26.486-0400][gc,heap     ] GC(4) Humongous regions: 9->9
[2024-09-17T09:35:26.486-0400][gc,metaspace] GC(4) Metaspace: 36376K(36736K)->36376K(36736K) NonClass: 32398K(32576K)->32398K(32576K) Class: 3977K(4160K)->3977K(4160K)
[2024-09-17T09:35:26.486-0400][gc          ] GC(4) Pause Young (Concurrent Start) (Metadata GC Threshold) 50M->25M(1024M) 11.213ms
[2024-09-17T09:35:26.486-0400][gc          ] GC(5) Concurrent Mark Cycle
[2024-09-17T09:35:26.486-0400][gc,cpu      ] GC(4) User=0.03s Sys=0.00s Real=0.01s
[2024-09-17T09:35:26.486-0400][gc,marking  ] GC(5) Concurrent Clear Claimed Marks
[2024-09-17T09:35:26.486-0400][gc,marking  ] GC(5) Concurrent Clear Claimed Marks 0.071ms
[2024-09-17T09:35:26.486-0400][gc,marking  ] GC(5) Concurrent Scan Root Regions
[2024-09-17T09:35:26.496-0400][gc,marking  ] GC(5) Concurrent Scan Root Regions 10.205ms
[2024-09-17T09:35:26.496-0400][gc,marking  ] GC(5) Concurrent Mark
[2024-09-17T09:35:26.496-0400][gc,marking  ] GC(5) Concurrent Mark From Roots
[2024-09-17T09:35:26.497-0400][gc,task     ] GC(5) Using 1 workers of 1 for marking
[2024-09-17T09:35:26.512-0400][gc,marking  ] GC(5) Concurrent Mark From Roots 15.907ms
[2024-09-17T09:35:26.512-0400][gc,marking  ] GC(5) Concurrent Preclean
[2024-09-17T09:35:26.513-0400][gc,marking  ] GC(5) Concurrent Preclean 0.081ms
[2024-09-17T09:35:26.518-0400][gc,start    ] GC(5) Pause Remark
[2024-09-17T09:35:26.520-0400][gc          ] GC(5) Pause Remark 26M->26M(1024M) 2.198ms
[2024-09-17T09:35:26.520-0400][gc,cpu      ] GC(5) User=0.00s Sys=0.00s Real=0.01s
[2024-09-17T09:35:26.521-0400][gc,marking  ] GC(5) Concurrent Mark 24.097ms
[2024-09-17T09:35:26.521-0400][gc,marking  ] GC(5) Concurrent Rebuild Remembered Sets
[2024-09-17T09:35:26.543-0400][gc,marking  ] GC(5) Concurrent Rebuild Remembered Sets 22.001ms
[2024-09-17T09:35:26.543-0400][gc,start    ] GC(5) Pause Cleanup
[2024-09-17T09:35:26.543-0400][gc          ] GC(5) Pause Cleanup 26M->26M(1024M) 0.337ms
[2024-09-17T09:35:26.543-0400][gc,cpu      ] GC(5) User=0.00s Sys=0.00s Real=0.00s
[2024-09-17T09:35:26.543-0400][gc,marking  ] GC(5) Concurrent Cleanup for Next Mark
[2024-09-17T09:35:26.572-0400][gc,marking  ] GC(5) Concurrent Cleanup for Next Mark 28.591ms
[2024-09-17T09:35:26.572-0400][gc          ] GC(5) Concurrent Mark Cycle 85.953ms
[2024-09-17T09:37:57.897-0400][gc,start    ] GC(6) Pause Young (Prepare Mixed) (G1 Evacuation Pause)
[2024-09-17T09:37:57.899-0400][gc,task     ] GC(6) Using 4 workers of 4 for evacuation
[2024-09-17T09:37:57.911-0400][gc,phases   ] GC(6)   Pre Evacuate Collection Set: 0.2ms
[2024-09-17T09:37:57.911-0400][gc,phases   ] GC(6)   Merge Heap Roots: 0.1ms
[2024-09-17T09:37:57.911-0400][gc,phases   ] GC(6)   Evacuate Collection Set: 9.6ms
[2024-09-17T09:37:57.911-0400][gc,phases   ] GC(6)   Post Evacuate Collection Set: 1.9ms
[2024-09-17T09:37:57.911-0400][gc,phases   ] GC(6)   Other: 0.3ms
[2024-09-17T09:37:57.911-0400][gc,heap     ] GC(6) Eden regions: 45->0(45)
[2024-09-17T09:37:57.911-0400][gc,heap     ] GC(6) Survivor regions: 6->6(7)
[2024-09-17T09:37:57.911-0400][gc,heap     ] GC(6) Old regions: 11->13
[2024-09-17T09:37:57.911-0400][gc,heap     ] GC(6) Archive regions: 2->2
[2024-09-17T09:37:57.911-0400][gc,heap     ] GC(6) Humongous regions: 150->138
[2024-09-17T09:37:57.911-0400][gc,metaspace] GC(6) Metaspace: 39901K(40384K)->39901K(40384K) NonClass: 35468K(35712K)->35468K(35712K) Class: 4433K(4672K)->4433K(4672K)
[2024-09-17T09:37:57.911-0400][gc          ] GC(6) Pause Young (Prepare Mixed) (G1 Evacuation Pause) 211M->157M(1024M) 14.192ms
[2024-09-17T09:37:57.911-0400][gc,cpu      ] GC(6) User=0.04s Sys=0.00s Real=0.02s
[2024-09-17T09:46:03.387-0400][gc,start    ] GC(7) Pause Young (Mixed) (G1 Evacuation Pause)
[2024-09-17T09:46:03.387-0400][gc,task     ] GC(7) Using 4 workers of 4 for evacuation
[2024-09-17T09:46:03.427-0400][gc,mmu      ] GC(7) MMU target violated: 21.0ms (20.0ms/21.0ms)
[2024-09-17T09:46:03.427-0400][gc,phases   ] GC(7)   Pre Evacuate Collection Set: 2.4ms
[2024-09-17T09:46:03.427-0400][gc,phases   ] GC(7)   Merge Heap Roots: 0.3ms
[2024-09-17T09:46:03.427-0400][gc,phases   ] GC(7)   Evacuate Collection Set: 35.7ms
[2024-09-17T09:46:03.427-0400][gc,phases   ] GC(7)   Post Evacuate Collection Set: 1.1ms
[2024-09-17T09:46:03.427-0400][gc,phases   ] GC(7)   Other: 0.4ms
[2024-09-17T09:46:03.427-0400][gc,heap     ] GC(7) Eden regions: 45->0(48)
[2024-09-17T09:46:03.427-0400][gc,heap     ] GC(7) Survivor regions: 6->3(7)
[2024-09-17T09:46:03.427-0400][gc,heap     ] GC(7) Old regions: 13->16
[2024-09-17T09:46:03.427-0400][gc,heap     ] GC(7) Archive regions: 2->2
[2024-09-17T09:46:03.427-0400][gc,heap     ] GC(7) Humongous regions: 138->138
[2024-09-17T09:46:03.427-0400][gc,metaspace] GC(7) Metaspace: 40605K(41024K)->40605K(41024K) NonClass: 36132K(36352K)->36132K(36352K) Class: 4473K(4672K)->4473K(4672K)
[2024-09-17T09:46:03.427-0400][gc          ] GC(7) Pause Young (Mixed) (G1 Evacuation Pause) 202M->157M(1024M) 40.780ms
[2024-09-17T09:46:03.427-0400][gc,cpu      ] GC(7) User=0.05s Sys=0.06s Real=0.04s
[2024-09-17T09:55:28.192-0400][gc,start    ] GC(8) Pause Young (Normal) (G1 Evacuation Pause)
[2024-09-17T09:55:28.193-0400][gc,task     ] GC(8) Using 4 workers of 4 for evacuation
[2024-09-17T09:55:28.225-0400][gc,mmu      ] GC(8) MMU target violated: 21.0ms (20.0ms/21.0ms)
[2024-09-17T09:55:28.225-0400][gc,phases   ] GC(8)   Pre Evacuate Collection Set: 4.1ms
[2024-09-17T09:55:28.225-0400][gc,phases   ] GC(8)   Merge Heap Roots: 0.3ms
[2024-09-17T09:55:28.225-0400][gc,phases   ] GC(8)   Evacuate Collection Set: 24.8ms
[2024-09-17T09:55:28.225-0400][gc,phases   ] GC(8)   Post Evacuate Collection Set: 1.9ms
[2024-09-17T09:55:28.225-0400][gc,phases   ] GC(8)   Other: 0.8ms
[2024-09-17T09:55:28.225-0400][gc,heap     ] GC(8) Eden regions: 48->0(47)
[2024-09-17T09:55:28.225-0400][gc,heap     ] GC(8) Survivor regions: 3->4(7)
[2024-09-17T09:55:28.225-0400][gc,heap     ] GC(8) Old regions: 16->16
[2024-09-17T09:55:28.225-0400][gc,heap     ] GC(8) Archive regions: 2->2
[2024-09-17T09:55:28.225-0400][gc,heap     ] GC(8) Humongous regions: 138->138
[2024-09-17T09:55:28.225-0400][gc,metaspace] GC(8) Metaspace: 40737K(41216K)->40737K(41216K) NonClass: 36264K(36544K)->36264K(36544K) Class: 4473K(4672K)->4473K(4672K)
[2024-09-17T09:55:28.225-0400][gc          ] GC(8) Pause Young (Normal) (G1 Evacuation Pause) 205M->158M(1024M) 33.147ms
[2024-09-17T09:55:28.225-0400][gc,cpu      ] GC(8) User=0.02s Sys=0.04s Real=0.03s
[2024-09-17T10:05:01.057-0400][gc,start    ] GC(9) Pause Young (Normal) (G1 Evacuation Pause)
[2024-09-17T10:05:01.059-0400][gc,task     ] GC(9) Using 4 workers of 4 for evacuation
[2024-09-17T10:05:01.094-0400][gc,mmu      ] GC(9) MMU target violated: 21.0ms (20.0ms/21.0ms)
[2024-09-17T10:05:01.094-0400][gc,phases   ] GC(9)   Pre Evacuate Collection Set: 3.6ms
[2024-09-17T10:05:01.094-0400][gc,phases   ] GC(9)   Merge Heap Roots: 0.3ms
[2024-09-17T10:05:01.094-0400][gc,phases   ] GC(9)   Evacuate Collection Set: 27.5ms
[2024-09-17T10:05:01.094-0400][gc,phases   ] GC(9)   Post Evacuate Collection Set: 3.7ms
[2024-09-17T10:05:01.094-0400][gc,phases   ] GC(9)   Other: 0.5ms
[2024-09-17T10:05:01.094-0400][gc,heap     ] GC(9) Eden regions: 47->0(46)
[2024-09-17T10:05:01.094-0400][gc,heap     ] GC(9) Survivor regions: 4->5(7)
[2024-09-17T10:05:01.094-0400][gc,heap     ] GC(9) Old regions: 16->16
[2024-09-17T10:05:01.094-0400][gc,heap     ] GC(9) Archive regions: 2->2
[2024-09-17T10:05:01.094-0400][gc,heap     ] GC(9) Humongous regions: 138->138
[2024-09-17T10:05:01.094-0400][gc,metaspace] GC(9) Metaspace: 40881K(41344K)->40881K(41344K) NonClass: 36407K(36672K)->36407K(36672K) Class: 4473K(4672K)->4473K(4672K)
[2024-09-17T10:05:01.094-0400][gc          ] GC(9) Pause Young (Normal) (G1 Evacuation Pause) 205M->158M(1024M) 37.737ms
[2024-09-17T10:05:01.094-0400][gc,cpu      ] GC(9) User=0.03s Sys=0.05s Real=0.04s
[2024-09-17T10:12:24.261-0400][gc,start    ] GC(10) Pause Young (Normal) (G1 Evacuation Pause)
[2024-09-17T10:12:24.263-0400][gc,task     ] GC(10) Using 4 workers of 4 for evacuation
[2024-09-17T10:12:24.317-0400][gc,mmu      ] GC(10) MMU target violated: 21.0ms (20.0ms/21.0ms)
[2024-09-17T10:12:24.317-0400][gc,phases   ] GC(10)   Pre Evacuate Collection Set: 1.7ms
[2024-09-17T10:12:24.317-0400][gc,phases   ] GC(10)   Merge Heap Roots: 0.4ms
[2024-09-17T10:12:24.317-0400][gc,phases   ] GC(10)   Evacuate Collection Set: 50.0ms
[2024-09-17T10:12:24.317-0400][gc,phases   ] GC(10)   Post Evacuate Collection Set: 1.3ms
[2024-09-17T10:12:24.317-0400][gc,phases   ] GC(10)   Other: 0.4ms
[2024-09-17T10:12:24.317-0400][gc,heap     ] GC(10) Eden regions: 46->0(47)
[2024-09-17T10:12:24.317-0400][gc,heap     ] GC(10) Survivor regions: 5->4(7)
[2024-09-17T10:12:24.317-0400][gc,heap     ] GC(10) Old regions: 16->18
[2024-09-17T10:12:24.317-0400][gc,heap     ] GC(10) Archive regions: 2->2
[2024-09-17T10:12:24.317-0400][gc,heap     ] GC(10) Humongous regions: 138->138
[2024-09-17T10:12:24.317-0400][gc,metaspace] GC(10) Metaspace: 42055K(42624K)->42055K(42624K) NonClass: 37368K(37696K)->37368K(37696K) Class: 4687K(4928K)->4687K(4928K)
[2024-09-17T10:12:24.317-0400][gc          ] GC(10) Pause Young (Normal) (G1 Evacuation Pause) 204M->160M(1024M) 55.726ms
[2024-09-17T10:12:24.317-0400][gc,cpu      ] GC(10) User=0.03s Sys=0.04s Real=0.05s
[2024-09-17T10:18:57.528-0400][gc,start    ] GC(11) Pause Young (Normal) (G1 Evacuation Pause)
[2024-09-17T10:18:57.529-0400][gc,task     ] GC(11) Using 4 workers of 4 for evacuation
[2024-09-17T10:18:57.564-0400][gc,mmu      ] GC(11) MMU target violated: 21.0ms (20.0ms/21.0ms)
[2024-09-17T10:18:57.564-0400][gc,phases   ] GC(11)   Pre Evacuate Collection Set: 2.0ms
[2024-09-17T10:18:57.564-0400][gc,phases   ] GC(11)   Merge Heap Roots: 0.5ms
[2024-09-17T10:18:57.564-0400][gc,phases   ] GC(11)   Evacuate Collection Set: 31.4ms
[2024-09-17T10:18:57.564-0400][gc,phases   ] GC(11)   Post Evacuate Collection Set: 0.9ms
[2024-09-17T10:18:57.564-0400][gc,phases   ] GC(11)   Other: 0.4ms
[2024-09-17T10:18:57.564-0400][gc,heap     ] GC(11) Eden regions: 47->0(45)
[2024-09-17T10:18:57.564-0400][gc,heap     ] GC(11) Survivor regions: 4->6(7)
[2024-09-17T10:18:57.564-0400][gc,heap     ] GC(11) Old regions: 18->19
[2024-09-17T10:18:57.564-0400][gc,heap     ] GC(11) Archive regions: 2->2
[2024-09-17T10:18:57.564-0400][gc,heap     ] GC(11) Humongous regions: 138->138
[2024-09-17T10:18:57.564-0400][gc,metaspace] GC(11) Metaspace: 42412K(42944K)->42412K(42944K) NonClass: 37724K(38016K)->37724K(38016K) Class: 4687K(4928K)->4687K(4928K)
[2024-09-17T10:18:57.564-0400][gc          ] GC(11) Pause Young (Normal) (G1 Evacuation Pause) 207M->162M(1024M) 35.855ms
[2024-09-17T10:18:57.564-0400][gc,cpu      ] GC(11) User=0.04s Sys=0.05s Real=0.04s
[2024-09-17T10:25:25.135-0400][gc,start    ] GC(12) Pause Young (Normal) (G1 Evacuation Pause)
[2024-09-17T10:25:25.137-0400][gc,task     ] GC(12) Using 4 workers of 4 for evacuation
[2024-09-17T10:25:25.176-0400][gc,mmu      ] GC(12) MMU target violated: 21.0ms (20.0ms/21.0ms)
[2024-09-17T10:25:25.176-0400][gc,phases   ] GC(12)   Pre Evacuate Collection Set: 1.9ms
[2024-09-17T10:25:25.176-0400][gc,phases   ] GC(12)   Merge Heap Roots: 0.4ms
[2024-09-17T10:25:25.176-0400][gc,phases   ] GC(12)   Evacuate Collection Set: 33.0ms
[2024-09-17T10:25:25.176-0400][gc,phases   ] GC(12)   Post Evacuate Collection Set: 2.8ms
[2024-09-17T10:25:25.176-0400][gc,phases   ] GC(12)   Other: 0.5ms
[2024-09-17T10:25:25.176-0400][gc,heap     ] GC(12) Eden regions: 45->0(47)
[2024-09-17T10:25:25.176-0400][gc,heap     ] GC(12) Survivor regions: 6->4(7)
[2024-09-17T10:25:25.176-0400][gc,heap     ] GC(12) Old regions: 19->21
[2024-09-17T10:25:25.176-0400][gc,heap     ] GC(12) Archive regions: 2->2
[2024-09-17T10:25:25.176-0400][gc,heap     ] GC(12) Humongous regions: 138->138
[2024-09-17T10:25:25.176-0400][gc,metaspace] GC(12) Metaspace: 42470K(43008K)->42470K(43008K) NonClass: 37774K(38080K)->37774K(38080K) Class: 4695K(4928K)->4695K(4928K)
[2024-09-17T10:25:25.176-0400][gc          ] GC(12) Pause Young (Normal) (G1 Evacuation Pause) 207M->163M(1024M) 40.816ms
[2024-09-17T10:25:25.176-0400][gc,cpu      ] GC(12) User=0.04s Sys=0.05s Real=0.04s
[2024-09-17T10:32:13.814-0400][gc,start    ] GC(13) Pause Young (Normal) (G1 Evacuation Pause)
[2024-09-17T10:32:13.816-0400][gc,task     ] GC(13) Using 4 workers of 4 for evacuation
[2024-09-17T10:32:13.827-0400][gc,phases   ] GC(13)   Pre Evacuate Collection Set: 0.1ms
[2024-09-17T10:32:13.827-0400][gc,phases   ] GC(13)   Merge Heap Roots: 0.1ms
[2024-09-17T10:32:13.827-0400][gc,phases   ] GC(13)   Evacuate Collection Set: 8.3ms
[2024-09-17T10:32:13.827-0400][gc,phases   ] GC(13)   Post Evacuate Collection Set: 2.3ms
[2024-09-17T10:32:13.827-0400][gc,phases   ] GC(13)   Other: 0.2ms
[2024-09-17T10:32:13.827-0400][gc,heap     ] GC(13) Eden regions: 47->0(47)
[2024-09-17T10:32:13.827-0400][gc,heap     ] GC(13) Survivor regions: 4->4(7)
[2024-09-17T10:32:13.827-0400][gc,heap     ] GC(13) Old regions: 21->22
[2024-09-17T10:32:13.827-0400][gc,heap     ] GC(13) Archive regions: 2->2
[2024-09-17T10:32:13.827-0400][gc,heap     ] GC(13) Humongous regions: 138->138
[2024-09-17T10:32:13.827-0400][gc,metaspace] GC(13) Metaspace: 42481K(43008K)->42481K(43008K) NonClass: 37785K(38080K)->37785K(38080K) Class: 4695K(4928K)->4695K(4928K)
[2024-09-17T10:32:13.827-0400][gc          ] GC(13) Pause Young (Normal) (G1 Evacuation Pause) 210M->164M(1024M) 13.100ms
[2024-09-17T10:32:13.827-0400][gc,cpu      ] GC(13) User=0.02s Sys=0.01s Real=0.01s
[2024-09-17T10:38:32.841-0400][gc,start    ] GC(14) Pause Young (Normal) (G1 Evacuation Pause)
[2024-09-17T10:38:32.844-0400][gc,task     ] GC(14) Using 4 workers of 4 for evacuation
[2024-09-17T10:38:32.867-0400][gc,mmu      ] GC(14) MMU target violated: 21.0ms (20.0ms/21.0ms)
[2024-09-17T10:38:32.867-0400][gc,phases   ] GC(14)   Pre Evacuate Collection Set: 3.5ms
[2024-09-17T10:38:32.867-0400][gc,phases   ] GC(14)   Merge Heap Roots: 0.3ms
[2024-09-17T10:38:32.867-0400][gc,phases   ] GC(14)   Evacuate Collection Set: 18.7ms
[2024-09-17T10:38:32.867-0400][gc,phases   ] GC(14)   Post Evacuate Collection Set: 0.8ms
[2024-09-17T10:38:32.867-0400][gc,phases   ] GC(14)   Other: 0.4ms
[2024-09-17T10:38:32.867-0400][gc,heap     ] GC(14) Eden regions: 47->0(45)
[2024-09-17T10:38:32.867-0400][gc,heap     ] GC(14) Survivor regions: 4->6(7)
[2024-09-17T10:38:32.867-0400][gc,heap     ] GC(14) Old regions: 22->22
[2024-09-17T10:38:32.867-0400][gc,heap     ] GC(14) Archive regions: 2->2
[2024-09-17T10:38:32.867-0400][gc,heap     ] GC(14) Humongous regions: 147->147
[2024-09-17T10:38:32.867-0400][gc,metaspace] GC(14) Metaspace: 42640K(43200K)->42640K(43200K) NonClass: 37914K(38208K)->37914K(38208K) Class: 4726K(4992K)->4726K(4992K)
[2024-09-17T10:38:32.867-0400][gc          ] GC(14) Pause Young (Normal) (G1 Evacuation Pause) 220M->175M(1024M) 25.973ms
[2024-09-17T10:38:32.867-0400][gc,cpu      ] GC(14) User=0.03s Sys=0.02s Real=0.02s
[2024-09-17T10:45:14.066-0400][gc,start    ] GC(15) Pause Young (Normal) (G1 Evacuation Pause)
[2024-09-17T10:45:14.067-0400][gc,task     ] GC(15) Using 4 workers of 4 for evacuation
[2024-09-17T10:45:14.079-0400][gc,phases   ] GC(15)   Pre Evacuate Collection Set: 0.1ms
[2024-09-17T10:45:14.079-0400][gc,phases   ] GC(15)   Merge Heap Roots: 0.1ms
[2024-09-17T10:45:14.079-0400][gc,phases   ] GC(15)   Evacuate Collection Set: 9.4ms
[2024-09-17T10:45:14.079-0400][gc,phases   ] GC(15)   Post Evacuate Collection Set: 1.8ms
[2024-09-17T10:45:14.079-0400][gc,phases   ] GC(15)   Other: 0.2ms
[2024-09-17T10:45:14.079-0400][gc,heap     ] GC(15) Eden regions: 45->0(49)
[2024-09-17T10:45:14.079-0400][gc,heap     ] GC(15) Survivor regions: 6->2(7)
[2024-09-17T10:45:14.079-0400][gc,heap     ] GC(15) Old regions: 22->26
[2024-09-17T10:45:14.079-0400][gc,heap     ] GC(15) Archive regions: 2->2
[2024-09-17T10:45:14.079-0400][gc,heap     ] GC(15) Humongous regions: 147->147
[2024-09-17T10:45:14.079-0400][gc,metaspace] GC(15) Metaspace: 42659K(43200K)->42659K(43200K) NonClass: 37933K(38208K)->37933K(38208K) Class: 4726K(4992K)->4726K(4992K)
[2024-09-17T10:45:14.079-0400][gc          ] GC(15) Pause Young (Normal) (G1 Evacuation Pause) 220M->175M(1024M) 12.915ms
[2024-09-17T10:45:14.079-0400][gc,cpu      ] GC(15) User=0.03s Sys=0.01s Real=0.01s
[2024-09-17T10:52:33.121-0400][gc,start    ] GC(16) Pause Young (Normal) (G1 Evacuation Pause)
[2024-09-17T10:52:33.121-0400][gc,task     ] GC(16) Using 4 workers of 4 for evacuation
[2024-09-17T10:52:33.178-0400][gc,mmu      ] GC(16) MMU target violated: 21.0ms (20.0ms/21.0ms)
[2024-09-17T10:52:33.178-0400][gc,phases   ] GC(16)   Pre Evacuate Collection Set: 6.3ms
[2024-09-17T10:52:33.178-0400][gc,phases   ] GC(16)   Merge Heap Roots: 0.3ms
[2024-09-17T10:52:33.178-0400][gc,phases   ] GC(16)   Evacuate Collection Set: 47.0ms
[2024-09-17T10:52:33.178-0400][gc,phases   ] GC(16)   Post Evacuate Collection Set: 2.3ms
[2024-09-17T10:52:33.178-0400][gc,phases   ] GC(16)   Other: 0.4ms
[2024-09-17T10:52:33.178-0400][gc,heap     ] GC(16) Eden regions: 49->0(45)
[2024-09-17T10:52:33.178-0400][gc,heap     ] GC(16) Survivor regions: 2->6(7)
[2024-09-17T10:52:33.178-0400][gc,heap     ] GC(16) Old regions: 26->26
[2024-09-17T10:52:33.178-0400][gc,heap     ] GC(16) Archive regions: 2->2
[2024-09-17T10:52:33.178-0400][gc,heap     ] GC(16) Humongous regions: 147->147
[2024-09-17T10:52:33.178-0400][gc,metaspace] GC(16) Metaspace: 42661K(43200K)->42661K(43200K) NonClass: 37934K(38208K)->37934K(38208K) Class: 4726K(4992K)->4726K(4992K)
[2024-09-17T10:52:33.178-0400][gc          ] GC(16) Pause Young (Normal) (G1 Evacuation Pause) 224M->178M(1024M) 57.173ms
[2024-09-17T10:52:33.178-0400][gc,cpu      ] GC(16) User=0.03s Sys=0.02s Real=0.05s
[2024-09-17T10:59:14.824-0400][gc,start    ] GC(17) Pause Young (Normal) (G1 Evacuation Pause)
[2024-09-17T10:59:14.826-0400][gc,task     ] GC(17) Using 4 workers of 4 for evacuation
[2024-09-17T10:59:14.842-0400][gc,phases   ] GC(17)   Pre Evacuate Collection Set: 1.1ms
[2024-09-17T10:59:14.842-0400][gc,phases   ] GC(17)   Merge Heap Roots: 0.1ms
[2024-09-17T10:59:14.842-0400][gc,phases   ] GC(17)   Evacuate Collection Set: 13.3ms
[2024-09-17T10:59:14.842-0400][gc,phases   ] GC(17)   Post Evacuate Collection Set: 0.5ms
[2024-09-17T10:59:14.842-0400][gc,phases   ] GC(17)   Other: 0.3ms
[2024-09-17T10:59:14.842-0400][gc,heap     ] GC(17) Eden regions: 45->0(47)
[2024-09-17T10:59:14.842-0400][gc,heap     ] GC(17) Survivor regions: 6->4(7)
[2024-09-17T10:59:14.842-0400][gc,heap     ] GC(17) Old regions: 26->29
[2024-09-17T10:59:14.842-0400][gc,heap     ] GC(17) Archive regions: 2->2
[2024-09-17T10:59:14.842-0400][gc,heap     ] GC(17) Humongous regions: 147->147
[2024-09-17T10:59:14.842-0400][gc,metaspace] GC(17) Metaspace: 42663K(43200K)->42663K(43200K) NonClass: 37936K(38208K)->37936K(38208K) Class: 4726K(4992K)->4726K(4992K)
[2024-09-17T10:59:14.842-0400][gc          ] GC(17) Pause Young (Normal) (G1 Evacuation Pause) 223M->180M(1024M) 17.589ms
[2024-09-17T10:59:14.842-0400][gc,cpu      ] GC(17) User=0.03s Sys=0.01s Real=0.02s
[2024-09-17T11:06:17.195-0400][gc,start    ] GC(18) Pause Young (Normal) (G1 Evacuation Pause)
[2024-09-17T11:06:17.198-0400][gc,task     ] GC(18) Using 4 workers of 4 for evacuation
[2024-09-17T11:06:17.215-0400][gc,phases   ] GC(18)   Pre Evacuate Collection Set: 1.6ms
[2024-09-17T11:06:17.216-0400][gc,phases   ] GC(18)   Merge Heap Roots: 1.2ms
[2024-09-17T11:06:17.216-0400][gc,phases   ] GC(18)   Evacuate Collection Set: 14.4ms
[2024-09-17T11:06:17.216-0400][gc,phases   ] GC(18)   Post Evacuate Collection Set: 0.6ms
[2024-09-17T11:06:17.216-0400][gc,phases   ] GC(18)   Other: 0.2ms
[2024-09-17T11:06:17.216-0400][gc,heap     ] GC(18) Eden regions: 47->0(46)
[2024-09-17T11:06:17.216-0400][gc,heap     ] GC(18) Survivor regions: 4->5(7)
[2024-09-17T11:06:17.216-0400][gc,heap     ] GC(18) Old regions: 29->29
[2024-09-17T11:06:17.216-0400][gc,heap     ] GC(18) Archive regions: 2->2
[2024-09-17T11:06:17.216-0400][gc,heap     ] GC(18) Humongous regions: 147->147
[2024-09-17T11:06:17.216-0400][gc,metaspace] GC(18) Metaspace: 42667K(43200K)->42667K(43200K) NonClass: 37940K(38208K)->37940K(38208K) Class: 4726K(4992K)->4726K(4992K)
[2024-09-17T11:06:17.216-0400][gc          ] GC(18) Pause Young (Normal) (G1 Evacuation Pause) 227M->181M(1024M) 20.772ms
[2024-09-17T11:06:17.216-0400][gc,cpu      ] GC(18) User=0.03s Sys=0.00s Real=0.02s
[2024-09-17T11:13:10.991-0400][gc,start    ] GC(19) Pause Young (Normal) (G1 Evacuation Pause)
[2024-09-17T11:13:10.992-0400][gc,task     ] GC(19) Using 4 workers of 4 for evacuation
[2024-09-17T11:13:11.004-0400][gc,phases   ] GC(19)   Pre Evacuate Collection Set: 0.2ms
[2024-09-17T11:13:11.004-0400][gc,phases   ] GC(19)   Merge Heap Roots: 0.1ms
[2024-09-17T11:13:11.004-0400][gc,phases   ] GC(19)   Evacuate Collection Set: 10.3ms
[2024-09-17T11:13:11.004-0400][gc,phases   ] GC(19)   Post Evacuate Collection Set: 0.4ms
[2024-09-17T11:13:11.004-0400][gc,phases   ] GC(19)   Other: 0.9ms
[2024-09-17T11:13:11.004-0400][gc,heap     ] GC(19) Eden regions: 46->0(46)
[2024-09-17T11:13:11.004-0400][gc,heap     ] GC(19) Survivor regions: 5->5(7)
[2024-09-17T11:13:11.004-0400][gc,heap     ] GC(19) Old regions: 29->31
[2024-09-17T11:13:11.004-0400][gc,heap     ] GC(19) Archive regions: 2->2
[2024-09-17T11:13:11.004-0400][gc,heap     ] GC(19) Humongous regions: 147->147
[2024-09-17T11:13:11.004-0400][gc,metaspace] GC(19) Metaspace: 42680K(43264K)->42680K(43264K) NonClass: 37953K(38272K)->37953K(38272K) Class: 4726K(4992K)->4726K(4992K)
[2024-09-17T11:13:11.004-0400][gc          ] GC(19) Pause Young (Normal) (G1 Evacuation Pause) 227M->183M(1024M) 12.871ms
[2024-09-17T11:13:11.004-0400][gc,cpu      ] GC(19) User=0.03s Sys=0.01s Real=0.01s
[2024-09-17T11:20:03.872-0400][gc,start    ] GC(20) Pause Young (Normal) (G1 Evacuation Pause)
[2024-09-17T11:20:03.873-0400][gc,task     ] GC(20) Using 4 workers of 4 for evacuation
[2024-09-17T11:20:03.883-0400][gc,phases   ] GC(20)   Pre Evacuate Collection Set: 0.2ms
[2024-09-17T11:20:03.883-0400][gc,phases   ] GC(20)   Merge Heap Roots: 0.1ms
[2024-09-17T11:20:03.883-0400][gc,phases   ] GC(20)   Evacuate Collection Set: 9.2ms
[2024-09-17T11:20:03.883-0400][gc,phases   ] GC(20)   Post Evacuate Collection Set: 0.4ms
[2024-09-17T11:20:03.883-0400][gc,phases   ] GC(20)   Other: 0.5ms
[2024-09-17T11:20:03.883-0400][gc,heap     ] GC(20) Eden regions: 46->0(46)
[2024-09-17T11:20:03.883-0400][gc,heap     ] GC(20) Survivor regions: 5->5(7)
[2024-09-17T11:20:03.883-0400][gc,heap     ] GC(20) Old regions: 31->33
[2024-09-17T11:20:03.883-0400][gc,heap     ] GC(20) Archive regions: 2->2
[2024-09-17T11:20:03.883-0400][gc,heap     ] GC(20) Humongous regions: 147->147
[2024-09-17T11:20:03.883-0400][gc,metaspace] GC(20) Metaspace: 42684K(43264K)->42684K(43264K) NonClass: 37957K(38272K)->37957K(38272K) Class: 4726K(4992K)->4726K(4992K)
[2024-09-17T11:20:03.884-0400][gc          ] GC(20) Pause Young (Normal) (G1 Evacuation Pause) 229M->184M(1024M) 11.668ms
[2024-09-17T11:20:03.884-0400][gc,cpu      ] GC(20) User=0.03s Sys=0.01s Real=0.01s
[2024-09-17T11:26:58.464-0400][gc,start    ] GC(21) Pause Young (Normal) (G1 Evacuation Pause)
[2024-09-17T11:26:58.466-0400][gc,task     ] GC(21) Using 4 workers of 4 for evacuation
[2024-09-17T11:26:58.490-0400][gc,mmu      ] GC(21) MMU target violated: 21.0ms (20.0ms/21.0ms)
[2024-09-17T11:26:58.490-0400][gc,phases   ] GC(21)   Pre Evacuate Collection Set: 1.7ms
[2024-09-17T11:26:58.490-0400][gc,phases   ] GC(21)   Merge Heap Roots: 0.3ms
[2024-09-17T11:26:58.490-0400][gc,phases   ] GC(21)   Evacuate Collection Set: 20.7ms
[2024-09-17T11:26:58.490-0400][gc,phases   ] GC(21)   Post Evacuate Collection Set: 0.9ms
[2024-09-17T11:26:58.490-0400][gc,phases   ] GC(21)   Other: 0.6ms
[2024-09-17T11:26:58.490-0400][gc,heap     ] GC(21) Eden regions: 46->0(47)
[2024-09-17T11:26:58.490-0400][gc,heap     ] GC(21) Survivor regions: 5->4(7)
[2024-09-17T11:26:58.490-0400][gc,heap     ] GC(21) Old regions: 33->35
[2024-09-17T11:26:58.490-0400][gc,heap     ] GC(21) Archive regions: 2->2
[2024-09-17T11:26:58.490-0400][gc,heap     ] GC(21) Humongous regions: 147->147
[2024-09-17T11:26:58.490-0400][gc,metaspace] GC(21) Metaspace: 42689K(43264K)->42689K(43264K) NonClass: 37962K(38272K)->37962K(38272K) Class: 4726K(4992K)->4726K(4992K)
[2024-09-17T11:26:58.490-0400][gc          ] GC(21) Pause Young (Normal) (G1 Evacuation Pause) 230M->186M(1024M) 26.040ms
[2024-09-17T11:26:58.490-0400][gc,cpu      ] GC(21) User=0.03s Sys=0.03s Real=0.03s
[2024-09-17T11:34:04.792-0400][gc,start    ] GC(22) Pause Young (Normal) (G1 Evacuation Pause)
[2024-09-17T11:34:04.795-0400][gc,task     ] GC(22) Using 4 workers of 4 for evacuation
[2024-09-17T11:34:04.865-0400][gc,mmu      ] GC(22) MMU target violated: 21.0ms (20.0ms/21.0ms)
[2024-09-17T11:34:04.865-0400][gc,phases   ] GC(22)   Pre Evacuate Collection Set: 5.4ms
[2024-09-17T11:34:04.865-0400][gc,phases   ] GC(22)   Merge Heap Roots: 0.5ms
[2024-09-17T11:34:04.865-0400][gc,phases   ] GC(22)   Evacuate Collection Set: 59.8ms
[2024-09-17T11:34:04.865-0400][gc,phases   ] GC(22)   Post Evacuate Collection Set: 3.0ms
[2024-09-17T11:34:04.865-0400][gc,phases   ] GC(22)   Other: 2.2ms
[2024-09-17T11:34:04.865-0400][gc,heap     ] GC(22) Eden regions: 47->0(45)
[2024-09-17T11:34:04.865-0400][gc,heap     ] GC(22) Survivor regions: 4->6(7)
[2024-09-17T11:34:04.865-0400][gc,heap     ] GC(22) Old regions: 35->37
[2024-09-17T11:34:04.866-0400][gc,heap     ] GC(22) Archive regions: 2->2
[2024-09-17T11:34:04.866-0400][gc,heap     ] GC(22) Humongous regions: 147->147
[2024-09-17T11:34:04.866-0400][gc,metaspace] GC(22) Metaspace: 42690K(43264K)->42690K(43264K) NonClass: 37963K(38272K)->37963K(38272K) Class: 4726K(4992K)->4726K(4992K)
[2024-09-17T11:34:04.866-0400][gc          ] GC(22) Pause Young (Normal) (G1 Evacuation Pause) 233M->189M(1024M) 73.613ms
[2024-09-17T11:34:04.866-0400][gc,cpu      ] GC(22) User=0.05s Sys=0.09s Real=0.07s
[2024-09-17T11:40:16.741-0400][gc,start    ] GC(23) Pause Young (Normal) (G1 Evacuation Pause)
[2024-09-17T11:40:16.743-0400][gc,task     ] GC(23) Using 4 workers of 4 for evacuation
[2024-09-17T11:40:16.803-0400][gc,mmu      ] GC(23) MMU target violated: 21.0ms (20.0ms/21.0ms)
[2024-09-17T11:40:16.803-0400][gc,phases   ] GC(23)   Pre Evacuate Collection Set: 2.5ms
[2024-09-17T11:40:16.803-0400][gc,phases   ] GC(23)   Merge Heap Roots: 0.4ms
[2024-09-17T11:40:16.803-0400][gc,phases   ] GC(23)   Evacuate Collection Set: 54.8ms
[2024-09-17T11:40:16.803-0400][gc,phases   ] GC(23)   Post Evacuate Collection Set: 1.9ms
[2024-09-17T11:40:16.803-0400][gc,phases   ] GC(23)   Other: 0.7ms
[2024-09-17T11:40:16.803-0400][gc,heap     ] GC(23) Eden regions: 45->0(44)
[2024-09-17T11:40:16.803-0400][gc,heap     ] GC(23) Survivor regions: 6->7(7)
[2024-09-17T11:40:16.803-0400][gc,heap     ] GC(23) Old regions: 37->38
[2024-09-17T11:40:16.803-0400][gc,heap     ] GC(23) Archive regions: 2->2
[2024-09-17T11:40:16.803-0400][gc,heap     ] GC(23) Humongous regions: 147->147
[2024-09-17T11:40:16.803-0400][gc,metaspace] GC(23) Metaspace: 42826K(43392K)->42826K(43392K) NonClass: 38073K(38400K)->38073K(38400K) Class: 4752K(4992K)->4752K(4992K)
[2024-09-17T11:40:16.803-0400][gc          ] GC(23) Pause Young (Normal) (G1 Evacuation Pause) 234M->192M(1024M) 61.972ms
[2024-09-17T11:40:16.803-0400][gc,cpu      ] GC(23) User=0.05s Sys=0.12s Real=0.06s
[2024-09-17T11:46:54.155-0400][gc,start    ] GC(24) Pause Young (Normal) (G1 Evacuation Pause)
[2024-09-17T11:46:54.157-0400][gc,task     ] GC(24) Using 4 workers of 4 for evacuation
[2024-09-17T11:46:54.197-0400][gc,mmu      ] GC(24) MMU target violated: 21.0ms (20.0ms/21.0ms)
[2024-09-17T11:46:54.198-0400][gc,phases   ] GC(24)   Pre Evacuate Collection Set: 2.3ms
[2024-09-17T11:46:54.198-0400][gc,phases   ] GC(24)   Merge Heap Roots: 1.4ms
[2024-09-17T11:46:54.198-0400][gc,phases   ] GC(24)   Evacuate Collection Set: 34.0ms
[2024-09-17T11:46:54.198-0400][gc,phases   ] GC(24)   Post Evacuate Collection Set: 2.4ms
[2024-09-17T11:46:54.198-0400][gc,phases   ] GC(24)   Other: 1.3ms
[2024-09-17T11:46:54.198-0400][gc,heap     ] GC(24) Eden regions: 44->0(48)
[2024-09-17T11:46:54.198-0400][gc,heap     ] GC(24) Survivor regions: 7->3(7)
[2024-09-17T11:46:54.198-0400][gc,heap     ] GC(24) Old regions: 38->42
[2024-09-17T11:46:54.198-0400][gc,heap     ] GC(24) Archive regions: 2->2
[2024-09-17T11:46:54.198-0400][gc,heap     ] GC(24) Humongous regions: 147->147
[2024-09-17T11:46:54.198-0400][gc,metaspace] GC(24) Metaspace: 42841K(43392K)->42841K(43392K) NonClass: 38089K(38400K)->38089K(38400K) Class: 4752K(4992K)->4752K(4992K)
[2024-09-17T11:46:54.198-0400][gc          ] GC(24) Pause Young (Normal) (G1 Evacuation Pause) 236M->192M(1024M) 42.497ms
[2024-09-17T11:46:54.198-0400][gc,cpu      ] GC(24) User=0.04s Sys=0.05s Real=0.04s
[2024-09-17T11:54:07.295-0400][gc,start    ] GC(25) Pause Young (Normal) (G1 Evacuation Pause)
[2024-09-17T11:54:07.300-0400][gc,task     ] GC(25) Using 4 workers of 4 for evacuation
[2024-09-17T11:54:07.325-0400][gc,mmu      ] GC(25) MMU target violated: 21.0ms (20.0ms/21.0ms)
[2024-09-17T11:54:07.325-0400][gc,phases   ] GC(25)   Pre Evacuate Collection Set: 2.2ms
[2024-09-17T11:54:07.325-0400][gc,phases   ] GC(25)   Merge Heap Roots: 0.3ms
[2024-09-17T11:54:07.325-0400][gc,phases   ] GC(25)   Evacuate Collection Set: 19.7ms
[2024-09-17T11:54:07.325-0400][gc,phases   ] GC(25)   Post Evacuate Collection Set: 1.8ms
[2024-09-17T11:54:07.325-0400][gc,phases   ] GC(25)   Other: 0.8ms
[2024-09-17T11:54:07.325-0400][gc,heap     ] GC(25) Eden regions: 48->0(47)
[2024-09-17T11:54:07.325-0400][gc,heap     ] GC(25) Survivor regions: 3->4(7)
[2024-09-17T11:54:07.325-0400][gc,heap     ] GC(25) Old regions: 42->42
[2024-09-17T11:54:07.325-0400][gc,heap     ] GC(25) Archive regions: 2->2
[2024-09-17T11:54:07.325-0400][gc,heap     ] GC(25) Humongous regions: 147->147
[2024-09-17T11:54:07.325-0400][gc,metaspace] GC(25) Metaspace: 42845K(43392K)->42845K(43392K) NonClass: 38092K(38400K)->38092K(38400K) Class: 4752K(4992K)->4752K(4992K)
[2024-09-17T11:54:07.325-0400][gc          ] GC(25) Pause Young (Normal) (G1 Evacuation Pause) 240M->193M(1024M) 30.511ms
[2024-09-17T11:54:07.325-0400][gc,cpu      ] GC(25) User=0.02s Sys=0.04s Real=0.03s
[2024-09-17T11:55:13.424-0400][gc,heap,exit] Heap
[2024-09-17T11:55:13.425-0400][gc,heap,exit]  garbage-first heap   total 1048576K, used 222077K [0x00000007c0000000, 0x0000000800000000)
[2024-09-17T11:55:13.425-0400][gc,heap,exit]   region size 1024K, 28 young (28672K), 4 survivors (4096K)
[2024-09-17T11:55:13.425-0400][gc,heap,exit]  Metaspace       used 43595K, committed 44160K, reserved 1114112K
[2024-09-17T11:55:13.425-0400][gc,heap,exit]   class space    used 4929K, committed 5184K, reserved 1048576K
