[2024-09-16T13:42:47.423-0400][gc,init] CardTable entry size: 512
[2024-09-16T13:42:47.423-0400][gc     ] Using G1
[2024-09-16T13:42:47.431-0400][gc,init] Version: 18+36-2087 (release)
[2024-09-16T13:42:47.431-0400][gc,init] CPUs: 4 total, 4 available
[2024-09-16T13:42:47.431-0400][gc,init] Memory: 8192M
[2024-09-16T13:42:47.431-0400][gc,init] Large Page Support: Disabled
[2024-09-16T13:42:47.431-0400][gc,init] NUMA Support: Disabled
[2024-09-16T13:42:47.431-0400][gc,init] Compressed Oops: Enabled (Zero based)
[2024-09-16T13:42:47.431-0400][gc,init] Heap Region Size: 1M
[2024-09-16T13:42:47.431-0400][gc,init] Heap Min Capacity: 1G
[2024-09-16T13:42:47.431-0400][gc,init] Heap Initial Capacity: 1G
[2024-09-16T13:42:47.431-0400][gc,init] Heap Max Capacity: 1G
[2024-09-16T13:42:47.431-0400][gc,init] Pre-touch: Disabled
[2024-09-16T13:42:47.431-0400][gc,init] Parallel Workers: 4
[2024-09-16T13:42:47.431-0400][gc,init] Concurrent Workers: 1
[2024-09-16T13:42:47.431-0400][gc,init] Concurrent Refinement Workers: 4
[2024-09-16T13:42:47.431-0400][gc,init] Periodic GC: Disabled
[2024-09-16T13:42:47.432-0400][gc,metaspace] CDS archive(s) mapped at: [0x0000000800000000-0x0000000800ba8000-0x0000000800ba8000), size 12222464, SharedBaseAddress: 0x0000000800000000, ArchiveRelocationMode: 0.
[2024-09-16T13:42:47.432-0400][gc,metaspace] Compressed class space mapped at: 0x0000000800c00000-0x0000000840c00000, reserved size: 1073741824
[2024-09-16T13:42:47.432-0400][gc,metaspace] Narrow klass base: 0x0000000800000000, Narrow klass shift: 0, Narrow klass range: 0x100000000
[2024-09-16T13:42:49.839-0400][gc,start    ] GC(0) Pause Young (Normal) (G1 Evacuation Pause)
[2024-09-16T13:42:49.840-0400][gc,task     ] GC(0) Using 4 workers of 4 for evacuation
[2024-09-16T13:42:49.856-0400][gc,phases   ] GC(0)   Pre Evacuate Collection Set: 0.1ms
[2024-09-16T13:42:49.856-0400][gc,phases   ] GC(0)   Merge Heap Roots: 0.1ms
[2024-09-16T13:42:49.856-0400][gc,phases   ] GC(0)   Evacuate Collection Set: 8.4ms
[2024-09-16T13:42:49.857-0400][gc,phases   ] GC(0)   Post Evacuate Collection Set: 0.7ms
[2024-09-16T13:42:49.857-0400][gc,phases   ] GC(0)   Other: 0.8ms
[2024-09-16T13:42:49.857-0400][gc,heap     ] GC(0) Eden regions: 51->0(44)
[2024-09-16T13:42:49.857-0400][gc,heap     ] GC(0) Survivor regions: 0->7(7)
[2024-09-16T13:42:49.857-0400][gc,heap     ] GC(0) Old regions: 0->2
[2024-09-16T13:42:49.857-0400][gc,heap     ] GC(0) Archive regions: 2->2
[2024-09-16T13:42:49.857-0400][gc,heap     ] GC(0) Humongous regions: 0->0
[2024-09-16T13:42:49.857-0400][gc,metaspace] GC(0) Metaspace: 17352K(17600K)->17352K(17600K) NonClass: 15429K(15552K)->15429K(15552K) Class: 1922K(2048K)->1922K(2048K)
[2024-09-16T13:42:49.857-0400][gc          ] GC(0) Pause Young (Normal) (G1 Evacuation Pause) 51M->9M(1024M) 17.628ms
[2024-09-16T13:42:49.857-0400][gc,cpu      ] GC(0) User=0.03s Sys=0.00s Real=0.02s
[2024-09-16T13:42:50.445-0400][gc,start    ] GC(1) Pause Young (Concurrent Start) (Metadata GC Threshold)
[2024-09-16T13:42:50.445-0400][gc,task     ] GC(1) Using 4 workers of 4 for evacuation
[2024-09-16T13:42:50.459-0400][gc,phases   ] GC(1)   Pre Evacuate Collection Set: 0.2ms
[2024-09-16T13:42:50.459-0400][gc,phases   ] GC(1)   Merge Heap Roots: 0.1ms
[2024-09-16T13:42:50.459-0400][gc,phases   ] GC(1)   Evacuate Collection Set: 12.6ms
[2024-09-16T13:42:50.459-0400][gc,phases   ] GC(1)   Post Evacuate Collection Set: 1.2ms
[2024-09-16T13:42:50.459-0400][gc,phases   ] GC(1)   Other: 0.2ms
[2024-09-16T13:42:50.459-0400][gc,heap     ] GC(1) Eden regions: 18->0(49)
[2024-09-16T13:42:50.459-0400][gc,heap     ] GC(1) Survivor regions: 7->2(7)
[2024-09-16T13:42:50.459-0400][gc,heap     ] GC(1) Old regions: 2->9
[2024-09-16T13:42:50.459-0400][gc,heap     ] GC(1) Archive regions: 2->2
[2024-09-16T13:42:50.459-0400][gc,heap     ] GC(1) Humongous regions: 0->0
[2024-09-16T13:42:50.459-0400][gc,metaspace] GC(1) Metaspace: 21290K(21504K)->21290K(21504K) NonClass: 18929K(19008K)->18929K(19008K) Class: 2361K(2496K)->2361K(2496K)
[2024-09-16T13:42:50.460-0400][gc          ] GC(1) Pause Young (Concurrent Start) (Metadata GC Threshold) 26M->11M(1024M) 14.505ms
[2024-09-16T13:42:50.460-0400][gc,cpu      ] GC(1) User=0.03s Sys=0.00s Real=0.02s
[2024-09-16T13:42:50.460-0400][gc          ] GC(2) Concurrent Mark Cycle
[2024-09-16T13:42:50.460-0400][gc,marking  ] GC(2) Concurrent Clear Claimed Marks
[2024-09-16T13:42:50.460-0400][gc,marking  ] GC(2) Concurrent Clear Claimed Marks 0.026ms
[2024-09-16T13:42:50.460-0400][gc,marking  ] GC(2) Concurrent Scan Root Regions
[2024-09-16T13:42:50.468-0400][gc,marking  ] GC(2) Concurrent Scan Root Regions 7.906ms
[2024-09-16T13:42:50.468-0400][gc,marking  ] GC(2) Concurrent Mark
[2024-09-16T13:42:50.468-0400][gc,marking  ] GC(2) Concurrent Mark From Roots
[2024-09-16T13:42:50.468-0400][gc,task     ] GC(2) Using 1 workers of 1 for marking
[2024-09-16T13:42:50.478-0400][gc,marking  ] GC(2) Concurrent Mark From Roots 10.682ms
[2024-09-16T13:42:50.478-0400][gc,marking  ] GC(2) Concurrent Preclean
[2024-09-16T13:42:50.478-0400][gc,marking  ] GC(2) Concurrent Preclean 0.023ms
[2024-09-16T13:42:50.479-0400][gc,start    ] GC(2) Pause Remark
[2024-09-16T13:42:50.481-0400][gc          ] GC(2) Pause Remark 11M->11M(1024M) 1.935ms
[2024-09-16T13:42:50.481-0400][gc,cpu      ] GC(2) User=0.00s Sys=0.00s Real=0.01s
[2024-09-16T13:42:50.481-0400][gc,marking  ] GC(2) Concurrent Mark 12.946ms
[2024-09-16T13:42:50.481-0400][gc,marking  ] GC(2) Concurrent Rebuild Remembered Sets
[2024-09-16T13:42:50.487-0400][gc,marking  ] GC(2) Concurrent Rebuild Remembered Sets 6.587ms
[2024-09-16T13:42:50.487-0400][gc,start    ] GC(2) Pause Cleanup
[2024-09-16T13:42:50.488-0400][gc          ] GC(2) Pause Cleanup 12M->12M(1024M) 0.178ms
[2024-09-16T13:42:50.488-0400][gc,cpu      ] GC(2) User=0.00s Sys=0.00s Real=0.00s
[2024-09-16T13:42:50.488-0400][gc,marking  ] GC(2) Concurrent Cleanup for Next Mark
[2024-09-16T13:42:50.502-0400][gc,marking  ] GC(2) Concurrent Cleanup for Next Mark 14.321ms
[2024-09-16T13:42:50.502-0400][gc          ] GC(2) Concurrent Mark Cycle 42.810ms
[2024-09-16T13:42:51.863-0400][gc,start    ] GC(3) Pause Young (Normal) (G1 Evacuation Pause)
[2024-09-16T13:42:51.863-0400][gc,task     ] GC(3) Using 4 workers of 4 for evacuation
[2024-09-16T13:42:51.870-0400][gc,phases   ] GC(3)   Pre Evacuate Collection Set: 0.1ms
[2024-09-16T13:42:51.870-0400][gc,phases   ] GC(3)   Merge Heap Roots: 1.0ms
[2024-09-16T13:42:51.870-0400][gc,phases   ] GC(3)   Evacuate Collection Set: 5.3ms
[2024-09-16T13:42:51.870-0400][gc,phases   ] GC(3)   Post Evacuate Collection Set: 0.8ms
[2024-09-16T13:42:51.870-0400][gc,phases   ] GC(3)   Other: 0.1ms
[2024-09-16T13:42:51.870-0400][gc,heap     ] GC(3) Eden regions: 49->0(46)
[2024-09-16T13:42:51.870-0400][gc,heap     ] GC(3) Survivor regions: 2->5(7)
[2024-09-16T13:42:51.870-0400][gc,heap     ] GC(3) Old regions: 9->9
[2024-09-16T13:42:51.870-0400][gc,heap     ] GC(3) Archive regions: 2->2
[2024-09-16T13:42:51.870-0400][gc,heap     ] GC(3) Humongous regions: 9->9
[2024-09-16T13:42:51.870-0400][gc,metaspace] GC(3) Metaspace: 32226K(32640K)->32226K(32640K) NonClass: 28586K(28800K)->28586K(28800K) Class: 3639K(3840K)->3639K(3840K)
[2024-09-16T13:42:51.870-0400][gc          ] GC(3) Pause Young (Normal) (G1 Evacuation Pause) 69M->22M(1024M) 7.594ms
[2024-09-16T13:42:51.870-0400][gc,cpu      ] GC(3) User=0.03s Sys=0.00s Real=0.01s
[2024-09-16T13:42:52.502-0400][gc,start    ] GC(4) Pause Young (Concurrent Start) (Metadata GC Threshold)
[2024-09-16T13:42:52.502-0400][gc,task     ] GC(4) Using 4 workers of 4 for evacuation
[2024-09-16T13:42:52.515-0400][gc,phases   ] GC(4)   Pre Evacuate Collection Set: 0.5ms
[2024-09-16T13:42:52.515-0400][gc,phases   ] GC(4)   Merge Heap Roots: 0.8ms
[2024-09-16T13:42:52.515-0400][gc,phases   ] GC(4)   Evacuate Collection Set: 11.2ms
[2024-09-16T13:42:52.515-0400][gc,phases   ] GC(4)   Post Evacuate Collection Set: 0.4ms
[2024-09-16T13:42:52.515-0400][gc,phases   ] GC(4)   Other: 0.2ms
[2024-09-16T13:42:52.515-0400][gc,heap     ] GC(4) Eden regions: 24->0(45)
[2024-09-16T13:42:52.515-0400][gc,heap     ] GC(4) Survivor regions: 5->6(7)
[2024-09-16T13:42:52.515-0400][gc,heap     ] GC(4) Old regions: 9->11
[2024-09-16T13:42:52.516-0400][gc,heap     ] GC(4) Archive regions: 2->2
[2024-09-16T13:42:52.516-0400][gc,heap     ] GC(4) Humongous regions: 138->138
[2024-09-16T13:42:52.516-0400][gc,metaspace] GC(4) Metaspace: 35767K(36096K)->35767K(36096K) NonClass: 31824K(32000K)->31824K(32000K) Class: 3942K(4096K)->3942K(4096K)
[2024-09-16T13:42:52.516-0400][gc          ] GC(4) Pause Young (Concurrent Start) (Metadata GC Threshold) 174M->154M(1024M) 13.719ms
[2024-09-16T13:42:52.516-0400][gc,cpu      ] GC(4) User=0.03s Sys=0.00s Real=0.01s
[2024-09-16T13:42:52.516-0400][gc          ] GC(5) Concurrent Mark Cycle
[2024-09-16T13:42:52.516-0400][gc,marking  ] GC(5) Concurrent Clear Claimed Marks
[2024-09-16T13:42:52.516-0400][gc,marking  ] GC(5) Concurrent Clear Claimed Marks 0.034ms
[2024-09-16T13:42:52.516-0400][gc,marking  ] GC(5) Concurrent Scan Root Regions
[2024-09-16T13:42:52.526-0400][gc,marking  ] GC(5) Concurrent Scan Root Regions 10.400ms
[2024-09-16T13:42:52.526-0400][gc,marking  ] GC(5) Concurrent Mark
[2024-09-16T13:42:52.526-0400][gc,marking  ] GC(5) Concurrent Mark From Roots
[2024-09-16T13:42:52.526-0400][gc,task     ] GC(5) Using 1 workers of 1 for marking
[2024-09-16T13:42:52.548-0400][gc,marking  ] GC(5) Concurrent Mark From Roots 21.597ms
[2024-09-16T13:42:52.548-0400][gc,marking  ] GC(5) Concurrent Preclean
[2024-09-16T13:42:52.548-0400][gc,marking  ] GC(5) Concurrent Preclean 0.081ms
[2024-09-16T13:42:52.548-0400][gc,start    ] GC(5) Pause Remark
[2024-09-16T13:42:52.550-0400][gc          ] GC(5) Pause Remark 156M->156M(1024M) 2.043ms
[2024-09-16T13:42:52.550-0400][gc,cpu      ] GC(5) User=0.01s Sys=0.00s Real=0.01s
[2024-09-16T13:42:52.556-0400][gc,marking  ] GC(5) Concurrent Mark 30.058ms
[2024-09-16T13:42:52.556-0400][gc,marking  ] GC(5) Concurrent Rebuild Remembered Sets
[2024-09-16T13:42:52.575-0400][gc,marking  ] GC(5) Concurrent Rebuild Remembered Sets 18.428ms
[2024-09-16T13:42:52.575-0400][gc,start    ] GC(5) Pause Cleanup
[2024-09-16T13:42:52.575-0400][gc          ] GC(5) Pause Cleanup 157M->157M(1024M) 0.174ms
[2024-09-16T13:42:52.575-0400][gc,cpu      ] GC(5) User=0.00s Sys=0.00s Real=0.00s
[2024-09-16T13:42:52.586-0400][gc,marking  ] GC(5) Concurrent Cleanup for Next Mark
[2024-09-16T13:42:52.639-0400][gc,marking  ] GC(5) Concurrent Cleanup for Next Mark 53.816ms
[2024-09-16T13:42:52.667-0400][gc          ] GC(5) Concurrent Mark Cycle 151.570ms
[2024-09-16T13:45:40.146-0400][gc,start    ] GC(6) Pause Young (Normal) (G1 Evacuation Pause)
[2024-09-16T13:45:40.148-0400][gc,task     ] GC(6) Using 4 workers of 4 for evacuation
[2024-09-16T13:45:40.193-0400][gc,mmu      ] GC(6) MMU target violated: 21.0ms (20.0ms/21.0ms)
[2024-09-16T13:45:40.193-0400][gc,phases   ] GC(6)   Pre Evacuate Collection Set: 4.1ms
[2024-09-16T13:45:40.193-0400][gc,phases   ] GC(6)   Merge Heap Roots: 2.8ms
[2024-09-16T13:45:40.193-0400][gc,phases   ] GC(6)   Evacuate Collection Set: 27.6ms
[2024-09-16T13:45:40.193-0400][gc,phases   ] GC(6)   Post Evacuate Collection Set: 10.3ms
[2024-09-16T13:45:40.193-0400][gc,phases   ] GC(6)   Other: 0.4ms
[2024-09-16T13:45:40.193-0400][gc,heap     ] GC(6) Eden regions: 45->0(45)
[2024-09-16T13:45:40.193-0400][gc,heap     ] GC(6) Survivor regions: 6->6(7)
[2024-09-16T13:45:40.193-0400][gc,heap     ] GC(6) Old regions: 11->13
[2024-09-16T13:45:40.193-0400][gc,heap     ] GC(6) Archive regions: 2->2
[2024-09-16T13:45:40.193-0400][gc,heap     ] GC(6) Humongous regions: 138->138
[2024-09-16T13:45:40.193-0400][gc,metaspace] GC(6) Metaspace: 39798K(40256K)->39798K(40256K) NonClass: 35299K(35520K)->35299K(35520K) Class: 4498K(4736K)->4498K(4736K)
[2024-09-16T13:45:40.193-0400][gc          ] GC(6) Pause Young (Normal) (G1 Evacuation Pause) 199M->156M(1024M) 47.611ms
[2024-09-16T13:45:40.193-0400][gc,cpu      ] GC(6) User=0.04s Sys=0.01s Real=0.05s
[2024-09-16T13:50:19.446-0400][gc,start    ] GC(7) Pause Young (Normal) (G1 Evacuation Pause)
[2024-09-16T13:50:19.447-0400][gc,task     ] GC(7) Using 4 workers of 4 for evacuation
[2024-09-16T13:50:19.462-0400][gc,phases   ] GC(7)   Pre Evacuate Collection Set: 0.2ms
[2024-09-16T13:50:19.462-0400][gc,phases   ] GC(7)   Merge Heap Roots: 0.2ms
[2024-09-16T13:50:19.462-0400][gc,phases   ] GC(7)   Evacuate Collection Set: 13.3ms
[2024-09-16T13:50:19.462-0400][gc,phases   ] GC(7)   Post Evacuate Collection Set: 1.3ms
[2024-09-16T13:50:19.462-0400][gc,phases   ] GC(7)   Other: 0.2ms
[2024-09-16T13:50:19.462-0400][gc,heap     ] GC(7) Eden regions: 45->0(47)
[2024-09-16T13:50:19.462-0400][gc,heap     ] GC(7) Survivor regions: 6->4(7)
[2024-09-16T13:50:19.462-0400][gc,heap     ] GC(7) Old regions: 13->16
[2024-09-16T13:50:19.462-0400][gc,heap     ] GC(7) Archive regions: 2->2
[2024-09-16T13:50:19.462-0400][gc,heap     ] GC(7) Humongous regions: 138->138
[2024-09-16T13:50:19.462-0400][gc,metaspace] GC(7) Metaspace: 41992K(42560K)->41992K(42560K) NonClass: 37272K(37568K)->37272K(37568K) Class: 4719K(4992K)->4719K(4992K)
[2024-09-16T13:50:19.462-0400][gc          ] GC(7) Pause Young (Normal) (G1 Evacuation Pause) 201M->158M(1024M) 16.359ms
[2024-09-16T13:50:19.462-0400][gc,cpu      ] GC(7) User=0.03s Sys=0.00s Real=0.02s
[2024-09-16T13:50:20.424-0400][gc,heap,exit] Heap
[2024-09-16T13:50:20.424-0400][gc,heap,exit]  garbage-first heap   total 1048576K, used 177974K [0x00000007c0000000, 0x0000000800000000)
[2024-09-16T13:50:20.424-0400][gc,heap,exit]   region size 1024K, 20 young (20480K), 4 survivors (4096K)
[2024-09-16T13:50:20.424-0400][gc,heap,exit]  Metaspace       used 42983K, committed 43584K, reserved 1114112K
[2024-09-16T13:50:20.424-0400][gc,heap,exit]   class space    used 4926K, committed 5184K, reserved 1048576K
